     ┌─┐                 ┌─┐
     │A│                 │B│
     └┬┘                 └┬┘
      │this is include1 ✓ │ 
      │──────────────────>│ 
      │                   │ 
      │this is include2 ✓ │ 
      │──────────────────>│ 
      │                   │ 
      │      test ✓       │ 
      │──────────────────>│ 
      │                   │ 
      │  defined=FOO ✓    │ 
      │──────────────────>│ 
      │                   │ 
      │                   │ 
