<!doctype html>
<html lang="en">
  <head>
    <meta charset="utf-8">
    <meta name="viewport" content="width=device-width, initial-scale=1">
    <link href="https://themes.getnikola.com/v8/base/demo/assets/css/rst_base.css" rel="stylesheet" type="text/css">
    <link href="https://themes.getnikola.com/v8/base/demo/assets/css/nikola_rst.css" rel="stylesheet" type="text/css">
    <link href="https://themes.getnikola.com/v8/base/demo/assets/css/code.css" rel="stylesheet" type="text/css">
    <link href="https://themes.getnikola.com/v8/base/demo/assets/css/theme.css" rel="stylesheet" type="text/css">
    <link href="data/plantuml_markdown/local.css" rel="stylesheet" type="text/css">
  </head>
  <body>
    <div>
<div class="plantuml_diagram" style="display: inline-block; vertical-align: top">
<svg xmlns="http://www.w3.org/2000/svg" xmlns:xlink="http://www.w3.org/1999/xlink" contentScriptType="application/ecmascript" contentStyleType="text/css" height="100px" preserveAspectRatio="none" style="width:86px;height:100px;" version="1.1" viewBox="0 0 86 100" width="86px" zoomAndPan="magnify"><defs/><g><line style="stroke:#A80036;stroke-width:1.0;stroke-dasharray:5.0,5.0;" x1="17" x2="17" y1="39.7891" y2="93.5781"/><line style="stroke:#A80036;stroke-width:1.0;stroke-dasharray:5.0,5.0;" x1="67.5" x2="67.5" y1="39.7891" y2="93.5781"/><rect fill="#FEFECE" height="33.7891" style="stroke:#A80036;stroke-width:1.5;" width="25" x="5" y="5"/><text fill="#000000" font-family="DejaVu Sans" font-size="17" lengthAdjust="spacingAndGlyphs" textLength="11" x="12" y="27.7798">A</text><rect fill="#FEFECE" height="33.7891" style="stroke:#A80036;stroke-width:1.5;" width="26" x="54.5" y="5"/><text fill="#000000" font-family="DejaVu Sans" font-size="17" lengthAdjust="spacingAndGlyphs" textLength="12" x="61.5" y="27.7798">B</text><polygon fill="#A80036" points="55.5,71.5781,65.5,75.5781,55.5,79.5781,59.5,75.5781" style="stroke:#A80036;stroke-width:1.0;"/><line style="stroke:#A80036;stroke-width:1.0;" x1="17.5" x2="61.5" y1="75.5781" y2="75.5781"/><text fill="#000000" font-family="DejaVu Sans" font-size="17" lengthAdjust="spacingAndGlyphs" textLength="26" x="24.5" y="69.5688">foo</text></g></svg>
</div>
</div>
  </body>
</html>
