<!doctype html>
<html lang="en">
  <head>
    <meta charset="utf-8">
    <meta name="viewport" content="width=device-width, initial-scale=1">
    <link href="https://themes.getnikola.com/v8/base/demo/assets/css/rst_base.css" rel="stylesheet" type="text/css">
    <link href="https://themes.getnikola.com/v8/base/demo/assets/css/nikola_rst.css" rel="stylesheet" type="text/css">
    <link href="https://themes.getnikola.com/v8/base/demo/assets/css/code.css" rel="stylesheet" type="text/css">
    <link href="https://themes.getnikola.com/v8/base/demo/assets/css/theme.css" rel="stylesheet" type="text/css">
    <link href="data/plantuml_markdown/local.css" rel="stylesheet" type="text/css">
  </head>
  <body>
    <div>
<div class="plantuml_diagram" style="display: inline-block; vertical-align: top">
<svg xmlns="http://www.w3.org/2000/svg" xmlns:xlink="http://www.w3.org/1999/xlink" contentScriptType="application/ecmascript" contentStyleType="text/css" height="66px" preserveAspectRatio="none" style="width:36px;height:66px;" version="1.1" viewBox="0 0 36 66" width="36px" zoomAndPan="magnify"><defs/><g><line style="stroke:#A80036;stroke-width:1.0;stroke-dasharray:5.0,5.0;" x1="17" x2="17" y1="39.7891" y2="59.7891"/><rect fill="#FEFECE" height="33.7891" style="stroke:#A80036;stroke-width:1.5;" width="25" x="5" y="5"/><text fill="#000000" font-family="DejaVu Sans" font-size="17" lengthAdjust="spacingAndGlyphs" textLength="11" x="12" y="27.7798">A</text></g></svg>
</div>
<div class="plantuml_listing" style="display: inline-block; vertical-align: top">
<pre class="code literal-block">participant A
</pre>
</div>
</div>
  </body>
</html>
