<!doctype html>
<html lang="en">
  <head>
    <meta charset="utf-8">
    <meta name="viewport" content="width=device-width, initial-scale=1">
    <link href="https://themes.getnikola.com/v8/base/demo/assets/css/rst_base.css" rel="stylesheet" type="text/css">
    <link href="https://themes.getnikola.com/v8/base/demo/assets/css/nikola_rst.css" rel="stylesheet" type="text/css">
    <link href="https://themes.getnikola.com/v8/base/demo/assets/css/code.css" rel="stylesheet" type="text/css">
    <link href="https://themes.getnikola.com/v8/base/demo/assets/css/theme.css" rel="stylesheet" type="text/css">
    <link href="data/plantuml_markdown/local.css" rel="stylesheet" type="text/css">
  </head>
  <body>
    <div>
<div class="plantuml_listing" style="display: inline-block; vertical-align: top">
<pre class="code literal-block">participant A
participant B
</pre>
</div>
</div>
  </body>
</html>
