<!doctype html>
<html lang="en">
  <head>
    <meta charset="utf-8">
    <meta name="viewport" content="width=device-width, initial-scale=1">
    <link href="https://themes.getnikola.com/v8/base/demo/assets/css/rst_base.css" rel="stylesheet" type="text/css">
    <link href="https://themes.getnikola.com/v8/base/demo/assets/css/nikola_rst.css" rel="stylesheet" type="text/css">
    <link href="https://themes.getnikola.com/v8/base/demo/assets/css/code.css" rel="stylesheet" type="text/css">
    <link href="https://themes.getnikola.com/v8/base/demo/assets/css/theme.css" rel="stylesheet" type="text/css">
    <link href="data/plantuml_markdown/local.css" rel="stylesheet" type="text/css">
  </head>
  <body>
    <div>
<div class="plantuml_diagram" style="display: inline-block; vertical-align: top">
<svg xmlns="http://www.w3.org/2000/svg" version="1.1" width="64em" height="4em">
<rect x="0" y="0" width="64em" height="4em" fill="#dc3545"/>
<text x="0" y="1em" font-family="monospace" fill="#ffffff">
<tspan x="1em" dy="1.2em">PlantUML error (return code 200): string:2:error:Syntax Error?</tspan>
</text>
</svg>
</div>
</div>
  </body>
</html>
