<!doctype html>
<html lang="en">
  <head>
    <meta charset="utf-8">
    <meta name="viewport" content="width=device-width, initial-scale=1">
    <link href="https://themes.getnikola.com/v8/base/demo/assets/css/rst_base.css" rel="stylesheet" type="text/css">
    <link href="https://themes.getnikola.com/v8/base/demo/assets/css/nikola_rst.css" rel="stylesheet" type="text/css">
    <link href="https://themes.getnikola.com/v8/base/demo/assets/css/code.css" rel="stylesheet" type="text/css">
    <link href="https://themes.getnikola.com/v8/base/demo/assets/css/theme.css" rel="stylesheet" type="text/css">
    <link href="data/plantuml_markdown/local.css" rel="stylesheet" type="text/css">
  </head>
  <body>
    <div id="baz">
<div class="plantuml_listing" style="display: inline-block; vertical-align: top">
<div class="code"><table class="codetable"><tr><td class="linenos linenodiv"><a href="#baz-10"><code data-line-number="10"></code></a></td><td class="code"><code><a name="baz-10"></a>participant A
</code></td></tr><tr><td class="linenos linenodiv"><a href="#baz-11"><code data-line-number="11"></code></a></td><td class="code"><code><a name="baz-11"></a>participant B
</code></td></tr></table></div>
</div>
</div>
  </body>
</html>
