PlantUML error (return code 200): string:4:error:Syntax Error?